[
    {
        "name": "common",
        "type": "parent",
        "children": [
            {
                "name": "setting1",
                "type": "unchanged",
                "value": "Value 1"
            },
            {
                "name": "setting2",
                "type": "deleted",
                "value": "200"
            },
            {
                "name": "setting3",
                "type": "unchanged",
                "value": true
            },
            {
                "name": "setting6",
                "type": "deleted",
                "value": {
                    "key": "value"
                }
            },
            {
                "name": "setting4",
                "type": "added",
                "value": "blah blah"
            },
            {
                "name": "setting5",
                "type": "added",
                "value": {
                    "key5": "value5"
                }
            }
        ]
    },
    {
        "name": "group1",
        "type": "parent",
        "children": [
            {
                "name": "baz",
                "type": "changed",
                "value": "bars",
                "oldValue": "bas"
            },
            {
                "name": "foo",
                "type": "unchanged",
                "value": "bar"
            }
        ]
    },
    {
        "name": "group2",
        "type": "deleted",
        "value": {
            "abc": "12345"
        }
    },
    {
        "name": "group3",
        "type": "added",
        "value": {
            "fee": "100500"
        }
    },
    {
        "name": "tea",
        "type": "added",
        "value": false
    }
]