{
    "host": {
        "difference": "unchanged",
        "value": "hexlet.io"
    },
    "timeout": {
        "difference": "changed",
        "value": "20",
        "oldValue": "50"
    },
    "proxy": {
        "difference": "deleted",
        "value": "123.234.53.22"
    },
    "verbose": {
        "difference": "added",
        "value": true
    }
}