{
    one: {
        two: ex
    }
    three: bex
}